Detected locale "C" with character encoding "ANSI_X3.4-1968", which is not UTF-8.
Qt depends on a UTF-8 locale, and has switched to "C.UTF-8" instead.
If this causes problems, reconfigure your locale. See the locale(1) manual
for more information.
Detected locale "C" with character encoding "ANSI_X3.4-1968", which is not UTF-8.
Qt depends on a UTF-8 locale, and has switched to "C.UTF-8" instead.
If this causes problems, reconfigure your locale. See the locale(1) manual
for more information.
qterminal: unrecognized option '--geometry'
QTerminal 2.3.0
Usage: qterminal [OPTION]...

  -d,  --drop               Start in "dropdown mode" (like Yakuake or Tilda)
  -e,  --execute <command>  Execute command instead of shell
  -h,  --help               Print this help
  -p,  --profile <name>     Load profile from ~/.config/<name>.conf
  -v,  --version            Prints application version and exits
  -w,  --workdir <dir>      Start session with specified work directory

Homepage: <https://github.com/lxqt/qterminal>
Report bugs to <https://github.com/lxqt/qterminal/issues>
lxqt-session: LockScreenManager couldn't start
