Input #0, png_pipe, from '/home/josh/projects/joshuadavidthomas/sprite-desktop/probes/webrtc-exploration/results/chart-2026-09-07T10-38-48.207Z/source.png':
  Duration: N/A, bitrate: N/A
  Stream #0:0: Video: png, rgba(pc, gbr/unknown/unknown), 1824x848, 25 fps, 25 tbr, 25 tbn
Input #1, png_pipe, from '/home/josh/projects/joshuadavidthomas/sprite-desktop/probes/webrtc-exploration/results/chart-2026-09-07T10-38-48.207Z/decoded.png':
  Duration: N/A, bitrate: N/A
  Stream #1:0: Video: png, rgba(pc, gbr/unknown/unknown), 1824x848, 25 fps, 25 tbr, 25 tbn
Stream mapping:
  Stream #0:0 (png) -> format:default
  Stream #1:0 (png) -> format:default
  psnr:default -> Stream #0:0 (wrapped_avframe)
Press [q] to stop, [?] for help
Output #0, null, to 'pipe:':
  Metadata:
    encoder         : Lavf63.1.101
  Stream #0:0: Video: wrapped_avframe, gbrp(pc, gbr/unknown/unknown, progressive), 1824x848, q=2-31, 200 kb/s, 25 fps, 25 tbn
    Metadata:
      encoder         : Lavc63.1.101 wrapped_avframe
[Parsed_psnr_2 @ 0x7fd77c002bc0] PSNR r:52.977407 g:58.130472 b:50.809358 average:53.046428 min:53.046428 max:53.046428
[out#0/null @ 0x559a48e2d840] video:0KiB audio:0KiB subtitle:0KiB other streams:0KiB global headers:0KiB muxing overhead: unknown
frame=    1 fps=0.0 q=-0.0 Lsize=N/A time=00:00:00.04 bitrate=N/A speed= 1.1x elapsed=0:00:00.03    
