Detected locale "C" with character encoding "ANSI_X3.4-1968", which is not UTF-8.
Qt depends on a UTF-8 locale, and has switchedDetected locale "C" with character encoding "ANSI_X3.4-1968", which is not UTF-8.
Qt depends on a UTF-8 locale, and has switched to "C.UTF-8" instead.
If this causes problems, reconfigure your locale. See the locale(1) manual
for more information.
 to "C.UTF-8" instead.
If this causes problems, reconfigure your locale. See the locale(1) manual
for more information.
qt.qpa.wayland: No shell integration named "xdg-shell" found
qt.qpa.wayland: No shell integration named "wl-shell" found
qt.qpa.wayland: No shell integration named "ivi-shell" found
qt.qpa.wayland: No shell integration named "qt-shell" found
qt.qpa.wayland: Loading shell integration failed.
qt.qpa.wayland: Attempted to load the following shells QList("xdg-shell", "wl-shell", "ivi-shell", "qt-shell")
qt.qpa.wayland: No shell integration named "xdg-shell" found
qt.qpa.wayland: No shell integration named "wl-shell" found
qt.qpa.wayland: No shell integration named "ivi-shell" found
qt.qpa.wayland: No shell integration named "qt-shell" found
qt.qpa.wayland: Loading shell integration failed.
qt.qpa.wayland: Attempted to load the following shells QList("xdg-shell", "wl-shell", "ivi-shell", "qt-shell")
qt.qpa.plugin: Could not load the Qt platform plugin "wayland" in "" even though it was found.
This application failed to start because no Qt platform plugin could be initialized. Reinstalling the application may fix this problem.

Available platform plugins are: linuxfb, minimal, offscreen, vkkhrdisplay, xcb, eglfs, minimalegl, wayland-brcm, wayland-egl, wayland.

qt.qpa.plugin: Could not load the Qt platform plugin "wayland" in "" even though it was found.
This application failed to start because no Qt platform plugin could be initialized. Reinstalling the application may fix this problem.

Available platform plugins are: linuxfb, minimal, offscreen, vkkhrdisplay, xcb, eglfs, minimalegl, wayland-brcm, wayland-egl, wayland.

00:00:00.305 [ERROR] [../src/server.c:174] spawned child 16 terminated with signal 6 (Aborted)
