Input #0, png_pipe, from '/home/josh/projects/joshuadavidthomas/sprite-desktop/probes/webrtc-exploration/results/chart-2026-09-07T10-58-25.729Z/source.png':
  Duration: N/A, bitrate: N/A
  Stream #0:0: Video: png, rgba(pc, gbr/unknown/unknown), 1824x848, 25 fps, 25 tbr, 25 tbn
Input #1, png_pipe, from '/home/josh/projects/joshuadavidthomas/sprite-desktop/probes/webrtc-exploration/results/chart-2026-09-07T10-58-25.729Z/decoded.png':
  Duration: N/A, bitrate: N/A
  Stream #1:0: Video: png, rgba(pc, gbr/unknown/unknown), 1824x848, 25 fps, 25 tbr, 25 tbn
Stream mapping:
  Stream #0:0 (png) -> format:default
  Stream #1:0 (png) -> format:default
  psnr:default -> Stream #0:0 (wrapped_avframe)
Press [q] to stop, [?] for help
Output #0, null, to 'pipe:':
  Metadata:
    encoder         : Lavf63.1.101
  Stream #0:0: Video: wrapped_avframe, gbrp(pc, gbr/unknown/unknown, progressive), 1824x848, q=2-31, 200 kb/s, 25 fps, 25 tbn
    Metadata:
      encoder         : Lavc63.1.101 wrapped_avframe
[Parsed_psnr_2 @ 0x7f75f8003280] PSNR r:52.954813 g:58.074986 b:50.763743 average:53.007573 min:53.007573 max:53.007573
[out#0/null @ 0x561cbd9b6840] video:0KiB audio:0KiB subtitle:0KiB other streams:0KiB global headers:0KiB muxing overhead: unknown
frame=    1 fps=0.0 q=-0.0 Lsize=N/A time=00:00:00.04 bitrate=N/A speed=0.961x elapsed=0:00:00.04    
